
===== RESUME 2026-09-04 08:23:33 =====
08:23:34 === PRESENTATIONHANDLER: PRESENTATIONHANDLER (expect >=150MB) ===
08:23:36   remote current: 0MB (need >=150MB)
08:24:37   OK rc=0 in 58s, remote now 173MB
08:24:39 === MediGyaanEMR: MediGyaanEMR (expect >=180MB) ===
08:24:41   remote current: 0MB (need >=180MB)
08:26:38   OK rc=0 in 111s, remote now 209MB
08:26:40 === EduLabsRTM intermediates: EduLabsRTM/app/build/intermediates (expect >=900MB) ===
08:26:43   remote current: 0MB (need >=900MB)
08:33:22   OK rc=0 in 393s, remote now 978MB
08:33:24 === MediGyaan intermediates/apk: MediGyaan/app/build/intermediates/apk (expect >=154MB) ===
08:33:27   remote current: 0MB (need >=154MB)
08:34:49   OK rc=0 in 79s, remote now 156MB
08:34:51 === MediGyaan intermediates/assets: MediGyaan/app/build/intermediates/assets (expect >=31MB) ===
08:34:54   remote current: 0MB (need >=31MB)
08:35:13   OK rc=0 in 16s, remote now 33MB
08:35:15 === MediGyaan intermediates/compile_and_runtime_not_namespaced_r_class_jar: MediGyaan/app/build/intermediates/compile_and_runtime_not_namespaced_r_class_jar (expect >=10MB) ===
08:35:17   remote current: 0MB (need >=10MB)
08:35:28   OK rc=0 in 7s, remote now 12MB
08:35:30 === MediGyaan intermediates/compressed_assets: MediGyaan/app/build/intermediates/compressed_assets (expect >=5MB) ===
08:35:33   remote current: 0MB (need >=5MB)
08:35:44   OK rc=0 in 8s, remote now 7MB
08:35:46 === MediGyaan intermediates/dex: MediGyaan/app/build/intermediates/dex (expect >=264MB) ===
08:35:50   remote current: 0MB (need >=264MB)
08:37:40   OK rc=0 in 101s, remote now 267MB
08:37:42 === MediGyaan intermediates/external_libs_dex: MediGyaan/app/build/intermediates/external_libs_dex (expect >=109MB) ===
08:37:45   remote current: 0MB (need >=109MB)
08:38:28   OK rc=0 in 38s, remote now 111MB
08:38:30 === MediGyaan intermediates/incremental: MediGyaan/app/build/intermediates/incremental (expect >=41MB) ===
08:38:32   remote current: 0MB (need >=41MB)
08:38:58   OK rc=0 in 23s, remote now 45MB
08:39:00 === MediGyaan intermediates/linked_resources_binary_format: MediGyaan/app/build/intermediates/linked_resources_binary_format (expect >=35MB) ===
08:39:03   remote current: 0MB (need >=35MB)
08:39:22   OK rc=0 in 16s, remote now 37MB
08:39:24 === MediGyaan intermediates/linked_resources_for_bundle_proto_format: MediGyaan/app/build/intermediates/linked_resources_for_bundle_proto_format (expect >=32MB) ===
08:39:28   remote current: 0MB (need >=32MB)
08:39:46   OK rc=0 in 14s, remote now 34MB
08:39:48 === MediGyaan intermediates/merged_java_res: MediGyaan/app/build/intermediates/merged_java_res (expect >=16MB) ===
08:39:51   remote current: 0MB (need >=16MB)
08:40:30   OK rc=0 in 36s, remote now 18MB
08:40:32 === MediGyaan intermediates/merged_native_libs: MediGyaan/app/build/intermediates/merged_native_libs (expect >=450MB) ===
08:40:36   remote current: 0MB (need >=450MB)
08:43:37   OK rc=0 in 178s, remote now 453MB
08:43:39 === MediGyaan intermediates/merged_res: MediGyaan/app/build/intermediates/merged_res (expect >=36MB) ===
08:43:43   remote current: 0MB (need >=36MB)
08:44:03   OK rc=0 in 17s, remote now 40MB
08:44:05 === MediGyaan intermediates/merged_res_blame_folder: MediGyaan/app/build/intermediates/merged_res_blame_folder (expect >=8MB) ===
08:44:09   remote current: 0MB (need >=8MB)
08:44:20   OK rc=0 in 8s, remote now 10MB
08:44:22 === MediGyaan intermediates/module_bundle: MediGyaan/app/build/intermediates/module_bundle (expect >=799MB) ===
08:44:24   remote current: 0MB (need >=799MB)
08:49:34   OK rc=0 in 307s, remote now 801MB
08:49:36 === MediGyaan intermediates/packaged_res: MediGyaan/app/build/intermediates/packaged_res (expect >=29MB) ===
08:49:39   remote current: 0MB (need >=29MB)
08:49:57   OK rc=0 in 15s, remote now 33MB
08:49:59 === MediGyaan intermediates/project_dex_archive: MediGyaan/app/build/intermediates/project_dex_archive (expect >=22MB) ===
08:50:03   remote current: 0MB (need >=22MB)
08:50:33   OK rc=0 in 26s, remote now 30MB
08:50:35 === MediGyaan intermediates/runtime_symbol_list: MediGyaan/app/build/intermediates/runtime_symbol_list (expect >=1MB) ===
08:50:38   remote current: 0MB (need >=1MB)
08:50:45   OK rc=0 in 5s, remote now 2MB
08:50:47 === MediGyaan intermediates/stable_resource_ids_file: MediGyaan/app/build/intermediates/stable_resource_ids_file (expect >=1MB) ===
08:50:51   remote current: 0MB (need >=1MB)
08:50:59   OK rc=0 in 5s, remote now 2MB
08:51:01 === MediGyaan intermediates/stripped_native_libs: MediGyaan/app/build/intermediates/stripped_native_libs (expect >=450MB) ===
08:51:04   remote current: 0MB (need >=450MB)
08:53:45   OK rc=0 in 158s, remote now 453MB
08:53:47 done: 22/22 pieces OK
