+ export PATH=/usr/local/sbin:/usr/local/bin:/usr/sbin:/usr/bin:/sbin:/bin:/usr/games:/usr/local/games:/snap/bin:/home/shashi/bin
+ PATH=/usr/local/sbin:/usr/local/bin:/usr/sbin:/usr/bin:/sbin:/bin:/usr/games:/usr/local/games:/snap/bin:/home/shashi/bin
+ cd /home/shashi/The-Tank-Project
+ B=firmware/dfrobot_camera/VoiceCam/build
+ python3 -m esptool --chip esp32s3 --port /dev/ttyACM0 --baud 921600 --before usb-reset --after hard-reset write-flash -z 0x10000 firmware/dfrobot_camera/VoiceCam/build/VoiceCam.ino.bin
esptool v5.3.1
Serial port /dev/ttyACM0:
Connecting...
Connected to ESP32-S3 on /dev/ttyACM0:
Chip type:          ESP32-S3 (QFN56) (revision v0.2)
Features:           Wi-Fi, BT 5 (LE), Dual Core + LP Core, 240MHz, Embedded PSRAM 8MB (AP_3v3)
Crystal frequency:  40MHz
USB mode:           USB-Serial/JTAG
MAC:                28:84:85:4c:84:04

Uploading stub flasher...
Running stub flasher...
Stub flasher running.
Changing baud rate to 921600...
Changed.

Configuring flash size...
Flash will be erased from 0x00010000 to 0x00073fff...
Compressed 406400 bytes to 233462...
Writing at 0x00010000 [                              ]   0.0% 0/233462 bytes... 
Writing at 0x0001cbf0 [=>                            ]   7.0% 16384/233462 bytes... 
Writing at 0x00026f21 [===>                          ]  14.0% 32768/233462 bytes... 
Writing at 0x0002d813 [=====>                        ]  21.1% 49152/233462 bytes... 
Writing at 0x0003365c [=======>                      ]  28.1% 65536/233462 bytes... 
Writing at 0x000392dd [=========>                    ]  35.1% 81920/233462 bytes... 
Writing at 0x0003ea3e [===========>                  ]  42.1% 98304/233462 bytes... 
Writing at 0x0004443b [=============>                ]  49.1% 114688/233462 bytes... 
Writing at 0x0004a01a [===============>              ]  56.1% 131072/233462 bytes... 
Writing at 0x00051217 [=================>            ]  63.2% 147456/233462 bytes... 
Writing at 0x00057209 [====================>         ]  70.2% 163840/233462 bytes... 
Writing at 0x0005fd8f [======================>       ]  77.2% 180224/233462 bytes... 
Writing at 0x00065d33 [========================>     ]  84.2% 196608/233462 bytes... 
Writing at 0x0006b68c [==========================>   ]  91.2% 212992/233462 bytes... 
Writing at 0x000717f6 [============================> ]  98.2% 229376/233462 bytes... 
Writing at 0x00073380 [==============================] 100.0% 233462/233462 bytes... 
Wrote 406400 bytes (233462 compressed) at 0x00010000 in 3.5 seconds (933.7 kbit/s).
Verifying written data...
Hash of data verified.

Hard resetting via RTS pin...
+ sleep 4
+ timeout 25 python3 -
BOOT: b''
PING -> PONG
STATUS -> STATUS:8:idle
+ echo DONE
DONE
